test_finished_operation_cancels_timer (test_transport_wall_budget.WallBudgetTests.test_finished_operation_cancels_timer) ... ok
test_no_time_means_no_remote_operation (test_transport_wall_budget.WallBudgetTests.test_no_time_means_no_remote_operation) ... ok
test_preflight_upload_bootstrap_and_download_share_one_deadline (test_transport_wall_budget.WallBudgetTests.test_preflight_upload_bootstrap_and_download_share_one_deadline) ... ok
test_real_timer_unblocks_stalled_owned_transport_only (test_transport_wall_budget.WallBudgetTests.test_real_timer_unblocks_stalled_owned_transport_only) ... ok
test_remote_cap_changes_only_runtime_copy (test_transport_wall_budget.WallBudgetTests.test_remote_cap_changes_only_runtime_copy) ... ok
test_remote_cap_rejects_expansion_nan_and_no_closing_time (test_transport_wall_budget.WallBudgetTests.test_remote_cap_rejects_expansion_nan_and_no_closing_time) ... ok
test_remote_receives_smaller_cap_and_keeps_closing_reserve (test_transport_wall_budget.WallBudgetTests.test_remote_receives_smaller_cap_and_keeps_closing_reserve) ... ok
test_socket_timeout_is_capped_by_global_remainder (test_transport_wall_budget.WallBudgetTests.test_socket_timeout_is_capped_by_global_remainder) ... ok
test_authorization_binds_request_package_and_token (test_server_acceptance_entry.ServerAcceptanceAuthorizationTests.test_authorization_binds_request_package_and_token) ... ok
test_authorization_rejects_added_secret_fields_and_binding_drift (test_server_acceptance_entry.ServerAcceptanceAuthorizationTests.test_authorization_rejects_added_secret_fields_and_binding_drift) ... ok
test_cpu_meter_adds_waited_child_usage (test_server_acceptance_entry.ServerAcceptanceBudgetTests.test_cpu_meter_adds_waited_child_usage) ... ok
test_exact_call_totals_include_750_sample_evaluations (test_server_acceptance_entry.ServerAcceptanceBudgetTests.test_exact_call_totals_include_750_sample_evaluations) ... ok
test_missing_sample_evaluation_call_fails_exact_total (test_server_acceptance_entry.ServerAcceptanceBudgetTests.test_missing_sample_evaluation_call_fails_exact_total) ... ok
test_resource_meter_rejects_negative_or_nonfinite_samples (test_server_acceptance_entry.ServerAcceptanceBudgetTests.test_resource_meter_rejects_negative_or_nonfinite_samples) ... ok
test_resource_meter_uses_entry_wall_and_full_process_cpu_and_closing_charge (test_server_acceptance_entry.ServerAcceptanceBudgetTests.test_resource_meter_uses_entry_wall_and_full_process_cpu_and_closing_charge) ... ok
test_framework_high_water_checks_do_not_query_nvidia_or_run_forwards (test_server_acceptance_entry.ServerAcceptanceGpuTests.test_framework_high_water_checks_do_not_query_nvidia_or_run_forwards) ... ok
test_gpu_memory_guard_runs_only_at_production_call_boundaries (test_server_acceptance_entry.ServerAcceptanceGpuTests.test_gpu_memory_guard_runs_only_at_production_call_boundaries) ... ok
test_phase_snapshots_require_exclusive_owned_process_under_ceiling (test_server_acceptance_entry.ServerAcceptanceGpuTests.test_phase_snapshots_require_exclusive_owned_process_under_ceiling) ... ok
test_remote_target_preflight_rejects_existing_engineering_path (test_server_acceptance_entry.ServerAcceptanceLauncherTests.test_remote_target_preflight_rejects_existing_engineering_path) ... ok
test_structure_only_never_connects_or_reads_stdin_token (test_server_acceptance_entry.ServerAcceptanceLauncherTests.test_structure_only_never_connects_or_reads_stdin_token) ... ok
test_unmeasured_remote_transport_cpu_blocks_overall_complete (test_server_acceptance_entry.ServerAcceptanceLauncherTests.test_unmeasured_remote_transport_cpu_blocks_overall_complete) ... ok
test_verified_remote_transport_cpu_allows_successful_settlement (test_server_acceptance_entry.ServerAcceptanceLauncherTests.test_verified_remote_transport_cpu_allows_successful_settlement) ... ok
test_manifest_covers_export_and_true_terminal_result (test_server_acceptance_entry.ServerAcceptanceRegistrationTests.test_manifest_covers_export_and_true_terminal_result) ... ok
test_register_running_gpu_binding_then_success_is_ordered (test_server_acceptance_entry.ServerAcceptanceRegistrationTests.test_register_running_gpu_binding_then_success_is_ordered) ... ok
test_registration_failure_does_not_create_terminal_event (test_server_acceptance_entry.ServerAcceptanceRegistrationTests.test_registration_failure_does_not_create_terminal_event) ... ok
test_workload_timeout_records_expired_and_never_succeeds (test_server_acceptance_entry.ServerAcceptanceRegistrationTests.test_workload_timeout_records_expired_and_never_succeeds) ... ok
test_json_duplicate_fields_are_rejected (test_server_acceptance_entry.ServerAcceptanceRequestTests.test_json_duplicate_fields_are_rejected) ... ok
test_request_rejects_mutable_retry_and_test_scope (test_server_acceptance_entry.ServerAcceptanceRequestTests.test_request_rejects_mutable_retry_and_test_scope) ... ok
test_request_remains_not_approved_and_fixes_four_test_scopes (test_server_acceptance_entry.ServerAcceptanceRequestTests.test_request_remains_not_approved_and_fixes_four_test_scopes) ... ok
test_connect_failure_is_recorded_before_consumption (test_smoke_transport_orchestration.ControllerOrchestrationTests.test_connect_failure_is_recorded_before_consumption) ... ok
test_expired_upload_prevents_remote_worker_and_preserves_unknown (test_smoke_transport_orchestration.ControllerOrchestrationTests.test_expired_upload_prevents_remote_worker_and_preserves_unknown) ... ok
test_main_reports_smoke_success_as_exit_zero (test_smoke_transport_orchestration.ControllerOrchestrationTests.test_main_reports_smoke_success_as_exit_zero) ... ok
test_real_controller_routes_cap_and_verified_download (test_smoke_transport_orchestration.ControllerOrchestrationTests.test_real_controller_routes_cap_and_verified_download) ... ok
test_upload_inspection_error_does_not_replace_first_failure (test_smoke_transport_orchestration.ControllerOrchestrationTests.test_upload_inspection_error_does_not_replace_first_failure) ... ok

----------------------------------------------------------------------
Ran 34 tests in 0.162s

OK
