Traceback (most recent call last):
  File "C:\Python314\Lib\importlib\metadata\__init__.py", line 407, in from_name
    return next(iter(cls.discover(name=name)))
StopIteration

During handling of the above exception, another exception occurred:

Traceback (most recent call last):
  File "E:\Z博士\research-plans\w1-task-outcome-g1-g2-joint-preparation-v1\launch_joint_once.py", line 231, in <module>
    raise SystemExit(main())
                     ~~~~^^
  File "E:\Z博士\research-plans\w1-task-outcome-g1-g2-joint-preparation-v1\launch_joint_once.py", line 168, in main
    verify_controller_runtime()
    ~~~~~~~~~~~~~~~~~~~~~~~~~^^
  File "E:\Z博士\research-plans\w1-task-outcome-g1-g2-joint-preparation-v1\controller_runtime.py", line 25, in verify_controller_runtime
    if describe() != spec:
       ~~~~~~~~^^
  File "E:\Z博士\research-plans\w1-task-outcome-g1-g2-joint-preparation-v1\controller_runtime.py", line 17, in describe
    "distributions": {name: {"version": importlib.metadata.version(name),
                                        ~~~~~~~~~~~~~~~~~~~~~~~~~~^^^^^^
  File "C:\Python314\Lib\importlib\metadata\__init__.py", line 987, in version
    return distribution(distribution_name).version
           ~~~~~~~~~~~~^^^^^^^^^^^^^^^^^^^
  File "C:\Python314\Lib\importlib\metadata\__init__.py", line 960, in distribution
    return Distribution.from_name(distribution_name)
           ~~~~~~~~~~~~~~~~~~~~~~^^^^^^^^^^^^^^^^^^^
  File "C:\Python314\Lib\importlib\metadata\__init__.py", line 409, in from_name
    raise PackageNotFoundError(name)
importlib.metadata.PackageNotFoundError: No package metadata was found for paramiko
